Write a long technical note about ocean currents, climate, and navigation.

Essay by:

The current state of ocean currents, climate, and navigation is a complex interplay of various factors that influence the world's weather patterns, marine ecosystems, and human activities. This essay will explore these factors, their interrelations, and their impacts on global climate and navigation.

**Ocean Currents:**

Ocean currents are the large-scale, continuous and in most cases, directed flow of water across the global climate system. They result from the uneven distribution of heat across the Earth's surface, which causes the movement of large masses of water, primarily through the atmosphere. The primary types of ocean currents are:

1. **Swells:** These are the deep, cold, and dense water masses that result from the sinking of cold, salt-rich water in the sub-polar regions. They flow towards the equator along the bottom of the ocean, where they are known as the "deep current."

2. **Advection:** This is the process where the warm and less dense surface water moves along the ocean's surface, driven by the wind. it is responsible for the surface currents like the Gulf Stream and the Pacific Equatorial Current.

3. **Swirling:'' These are the small, circular ocean currents formed as a result of the interaction between the Earth's rotation and the fluid dynamics of the water. They are also known as the "Ekister effect."

**Climate Impact:**

Ocean currents significantly influence the climate of the regions they flow past. For instance, the Gulf Stream, which flows north along the coast of the United States, contributes to the warm temperature of the East Coast of the U. Beside this, ocean currents also play a crucial role in regulating the global climate by moving heat from the oceans to the atmosphere, which in turn affects weather patterns.

**Navigation:**

Ocean currents are vital for navigation, particularly in long-distance voyages. Ships and submarines rely on the accurate measurement and understanding of ocean currents to navigate efficiently. For example, the route of the famous "silver route" through the Arctic Ocean was possible due to the existence of warm and fast-moving currents like the West-wind Drift and the Gulf Stream.

**Challenges and Solutions:**

The understanding and prediction of ocean currents are crucial for various human activities, including fishing, shipping, and oil exploration. However, predicting ocean currents is a challenging task due to their complex nature and the presence of numerous local and global factors.

**Climate models:** One solution is the use of climate models that simulate the behavior of ocean currents. These models help in understanding the dynamics of ocean currents and predicting their behavior under different scenarios.

**Observation networks:** Another approach is the establishment of a robust observing network that provides regular data on ocean currents. This includes the use of satellites, buoys, and other instruments that continuously monitor the ocean's surface and subsurface.

**Technical advancements:** Advances in technology, such as machine learning and data analytics, have also improved our ability to predict ocean currents with greater accuracy.

**Conclusion:**

Ocean currents, climate, and navigation are deeply interrelated and crucial for the world's weather patterns, marine ecosystems, and human activities. Understanding their dynamics and impacts is essential for developing strategies to mitigate the effects of climate change and improve navigation. By leveraging advances in technology and observation, we can enhance our ability to predict and manage these vital components of the global climate system.

**References:**

- http://oceanexplorer.net/deep-sea-ocean-currents/
- https://www. ocean-ocean.com/ocean-currents/
- https://www. nature.com/articles/n-4228-9.html

This technical note provides a broad overview of ocean currents, climate, and navigation, focusing on their interrelation and impact on global weather patterns, marine ecosystems, and human activities.

[Note: This essay is written in a style that is suitable for a technical audience, with detailed explanations and scientific terminology. It is recommended to include more specific examples and data to enhance its readability for a general audience.]

[Note: The essay could also benefit from a more balanced representation of the scientific literature and the inclusion of policy implications and societal impacts.]

[Note: The essay could be strengthened by discussing the role of ocean currents in the carbon cycle and their influence on global carbon dioxide levels, which in turn affects climate change.]

[Note: The essay could be improved by addressing common misconceptions about ocean currents and climate change and providing evidence-based explanations for the observed phenomena.]

[Note: The essay could be expanded to include case examples of how specific countries or industries are

