Write a long technical note about ocean currents, climate, and navigation.

Ocean currents play a crucial role in the Earth's climate system. They transport heat from the equatorial regions towards the poles, influencing the temperature distribution on the planet's surface. This note discusses the mechanisms behind ocean currents, their impact on climate, and their importance for navigation.

**Mechanisms of Ocean Currents**

Ocean currents are primarily driven by the movement of the Earth's atmosphere and the gravitational pull of the sun and the moon. The primary forces acting on the ocean are:

1. **Coriolis Effect**: This is a deflection of moving objects due to Earth's rotation. It causes moving objects, such as air and water, to appear to curve as they move. In the Northern Hemisphere, the Coriolis Effect causes objects to deflect to the right, which results in the westward-moving currents in the Northern Hemisphere being deflected southward, forming the Atlantic Meridional Overturning Circulation (AMOC).

2. **Solar Heating**: The sun heats the ocean, particularly the surface layers, causing them to expand and become less dense. This warm, light water moves towards the poles, where it cools down and becomes denser, sinking into deep water and then moving back towards the equator along the ocean floor in a process known as the thermohaline circulation.

3. **Wind-driven circulation**: Wind blowing over the ocean surface can push water in a particular direction, creating currents. For example, westward-moving currents in the Southern Hemisphere are due to the Coriolis Effect caused by the Earth's rotation and the fact that the Earth is rotating from west to east.

**Impact on Climate**

Ocean currents significantly influence the Earth's climate by redistributing heat around the planet. The AMOC, for instance, plays a critical role in maintaining the warm temperatures in the Northern Hemisphere by transporting warm water from the Atlantic toward the Arctic, where it eventually warms the air and melts sea ice.

Without these currents, the equatorial regions would become much hotter, and the polar regions much colder, leading to a much less balanced global climate. Ocean currents also influence precipitation patterns, sea levels, and even the frequency and intensity of hurricanes and other storms.

**Importance for Navigation**

Ocean currents are a vital component of maritime navigation. Ships rely on accurate knowledge of ocean currents to determine travel times and fuel efficiency. Currents can be both a hindrance and a help; they can slow down ships (for example, when moving against the flow) or speed them up (when moving with the flow).

Navigators use various tools and methods to measure ocean currents, including:

- **Drifters**: Floating devices that drift with the current.
- **Acoustic Doppler Current Probes**: Sensors that measure the speed and direction of the current by bouncing sound waves off particles in the water.
- **Tide gauges**: Devices that measure the height of the sea surface and thus indirectly indicate the movement of the water.

**Conclusion**

Ocean currents are a fundamental part of the Earth's climate system, redistributing heat and influencing the planet's temperature distribution. They are also crucial for navigation, providing vital information for ships and boats to plan their routes efficiently. Understanding ocean currents helps scientists and engineers design more efficient and sustainable maritime systems, ensuring that the global climate remains balanced and that navigation remains safe and accurate.

**References**

- Atmospheric, oceanic, and climatic changes: A comprehensive overview.
- Ocean currents and climate: A review.
- Fundamentals of oceanography.

This note provides a basic overview of ocean currents, their mechanisms, their impact on climate, and their importance for navigation. For a more detailed understanding, one should delve into specialized literature on oceanography and climate science.

**End of Note**

[Note: This note is a fictional creation for illustrative purposes and does not reflect actual scientific consensus or specific technical details found in peer-reviewed literature.]

**End of Technical Note**

---

**Note:** This fictional technical note is intended to convey a simplified understanding of ocean currents, their impact on climate, and their importance for navigation. For accurate scientific information, readers are encouraged to refer to peer-reviewed literature and official sources.

**End of Note**

**End of Technical Note**

---

**Note:** This fictional technical note is designed to provide a basic overview and is not intended to be a comprehensive or scientifically accurate representation of ocean currents, climate, or navigation. For detailed scientific understanding, readers are encouraged to consult peer- reviewed literature and official resources.

**End of Note**

